Resolving dependencies...
Downloading packages...
  characters 1.4.0 (1.4.1 available)
  ffi 2.1.4 (2.1.5 available)
  flutter_lints 5.0.0 (6.0.0 available)
  flutter_riverpod 2.6.1 (3.1.0 available)
  lints 5.1.1 (6.0.0 available)
  matcher 0.12.17 (0.12.18 available)
  material_color_utilities 0.11.1 (0.13.0 available)
  meta 1.16.0 (1.17.0 available)
  riverpod 2.6.1 (3.1.0 available)
  shared_preferences 2.5.3 (2.5.4 available)
  shared_preferences_android 2.4.15 (2.4.18 available)
  shared_preferences_foundation 2.5.5 (2.5.6 available)
  test_api 0.7.6 (0.7.9 available)
Got dependencies!
13 packages have newer versions incompatible with dependency constraints.
Try `flutter pub outdated` for more information.
Launching lib\main.dart on sdk gphone64 x86 64 in debug mode...
Running Gradle task 'assembleDebug'...
lib/exercises/decompose_10_exercise.dart:56:7: Error: The non-abstract class '_Decompose10ExerciseState' is missing implementations for these members:
 - ExerciseProgressMixin.exerciseId
 - ExerciseProgressMixin.userProfile
Try to either
 - provide an implementation,
 - inherit an implementation from a superclass or mixin,
 - mark the class as abstract, or
 - provide a 'noSuchMethod' implementation.

class _Decompose10ExerciseState extends State<Decompose10Exercise>
      ^^^^^^^^^^^^^^^^^^^^^^^^^
lib/mixins/exercise_progress_mixin.dart:25:14: Context: 'ExerciseProgressMixin.exerciseId' is defined here.
  String get exerciseId;
             ^^^^^^^^^^
lib/mixins/exercise_progress_mixin.dart:26:19: Context: 'ExerciseProgressMixin.userProfile' is defined here.
  UserProfile get userProfile;
                  ^^^^^^^^^^^
lib/exercises/decompose_10_exercise.dart:102:7: Error: The method 'switchLevel' isn't defined for the type '_Decompose10ExerciseState'.
 - '_Decompose10ExerciseState' is from 'package:math_app/exercises/decompose_10_exercise.dart' ('lib/exercises/decompose_10_exercise.dart').
Try correcting the name to the name of an existing method, or defining a method named 'switchLevel'.
      switchLevel(ScaffoldLevel.supportedPractice);
      ^^^^^^^^^^^
lib/exercises/decompose_10_exercise.dart:117:23: Error: The method 'stopProblemTimer' isn't defined for the type '_Decompose10ExerciseState'.
 - '_Decompose10ExerciseState' is from 'package:math_app/exercises/decompose_10_exercise.dart' ('lib/exercises/decompose_10_exercise.dart').
Try correcting the name to the name of an existing method, or defining a method named 'stopProblemTimer'.
        responseTime: stopProblemTimer()
                      ^^^^^^^^^^^^^^^^
lib/exercises/decompose_10_exercise.dart:116:9: Error: No named parameter with the name 'isCorrect'.
        isCorrect: true, 
        ^^^^^^^^^
lib/exercises/decompose_10_exercise.dart:132:23: Error: The method 'stopProblemTimer' isn't defined for the type '_Decompose10ExerciseState'.
 - '_Decompose10ExerciseState' is from 'package:math_app/exercises/decompose_10_exercise.dart' ('lib/exercises/decompose_10_exercise.dart').
Try correcting the name to the name of an existing method, or defining a method named 'stopProblemTimer'.
        responseTime: stopProblemTimer()
                      ^^^^^^^^^^^^^^^^
lib/exercises/decompose_10_exercise.dart:131:9: Error: No named parameter with the name 'isCorrect'.
        isCorrect: false, 
        ^^^^^^^^^
lib/exercises/decompose_10_exercise.dart:166:23: Error: The method 'stopProblemTimer' isn't defined for the type '_Decompose10ExerciseState'.
 - '_Decompose10ExerciseState' is from 'package:math_app/exercises/decompose_10_exercise.dart' ('lib/exercises/decompose_10_exercise.dart').
Try correcting the name to the name of an existing method, or defining a method named 'stopProblemTimer'.
        responseTime: stopProblemTimer()
                      ^^^^^^^^^^^^^^^^
lib/exercises/decompose_10_exercise.dart:165:9: Error: No named parameter with the name 'isCorrect'.
        isCorrect: true,
        ^^^^^^^^^
lib/exercises/decompose_10_exercise.dart:180:23: Error: The method 'stopProblemTimer' isn't defined for the type '_Decompose10ExerciseState'.
 - '_Decompose10ExerciseState' is from 'package:math_app/exercises/decompose_10_exercise.dart' ('lib/exercises/decompose_10_exercise.dart').
Try correcting the name to the name of an existing method, or defining a method named 'stopProblemTimer'.
        responseTime: stopProblemTimer()
                      ^^^^^^^^^^^^^^^^
lib/exercises/decompose_10_exercise.dart:179:9: Error: No named parameter with the name 'isCorrect'.
        isCorrect: false,
        ^^^^^^^^^
lib/exercises/decompose_10_exercise.dart:188:7: Error: The method 'switchLevel' isn't defined for the type '_Decompose10ExerciseState'.
 - '_Decompose10ExerciseState' is from 'package:math_app/exercises/decompose_10_exercise.dart' ('lib/exercises/decompose_10_exercise.dart').
Try correcting the name to the name of an existing method, or defining a method named 'switchLevel'.
      switchLevel(newLevel);
      ^^^^^^^^^^^
lib/exercises/decompose_10_exercise.dart:263:9: Error: The getter 'currentLevel' isn't defined for the type '_Decompose10ExerciseState'.
 - '_Decompose10ExerciseState' is from 'package:math_app/exercises/decompose_10_exercise.dart' ('lib/exercises/decompose_10_exercise.dart').
Try correcting the name to the name of an existing getter, or defining a getter or field named 'currentLevel'.
    if (currentLevel.levelNumber == 2 || currentLevel.levelNumber == 4) {
        ^^^^^^^^^^^^
lib/exercises/decompose_10_exercise.dart:263:42: Error: The getter 'currentLevel' isn't defined for the type '_Decompose10ExerciseState'.
 - '_Decompose10ExerciseState' is from 'package:math_app/exercises/decompose_10_exercise.dart' ('lib/exercises/decompose_10_exercise.dart').
Try correcting the name to the name of an existing getter, or defining a getter or field named 'currentLevel'.
    if (currentLevel.levelNumber == 2 || currentLevel.levelNumber == 4) {
                                         ^^^^^^^^^^^^
lib/exercises/decompose_10_exercise.dart:272:18: Error: The getter 'handleWillPop' isn't defined for the type '_Decompose10ExerciseState'.
 - '_Decompose10ExerciseState' is from 'package:math_app/exercises/decompose_10_exercise.dart' ('lib/exercises/decompose_10_exercise.dart').
Try correcting the name to the name of an existing getter, or defining a getter or field named 'handleWillPop'.
      onWillPop: handleWillPop, // Use mixin's handler
                 ^^^^^^^^^^^^^
lib/exercises/decompose_10_exercise.dart:338:22: Error: The getter 'currentLevel' isn't defined for the type '_Decompose10ExerciseState'.
 - '_Decompose10ExerciseState' is from 'package:math_app/exercises/decompose_10_exercise.dart' ('lib/exercises/decompose_10_exercise.dart').
Try correcting the name to the name of an existing getter, or defining a getter or field named 'currentLevel'.
    final isActive = currentLevel == level;
                     ^^^^^^^^^^^^
lib/exercises/decompose_10_exercise.dart:397:13: Error: The getter 'currentLevel' isn't defined for the type '_Decompose10ExerciseState'.
 - '_Decompose10ExerciseState' is from 'package:math_app/exercises/decompose_10_exercise.dart' ('lib/exercises/decompose_10_exercise.dart').
Try correcting the name to the name of an existing getter, or defining a getter or field named 'currentLevel'.
    switch (currentLevel) {
            ^^^^^^^^^^^^
Target kernel_snapshot_program failed: Exception


FAILURE: Build failed with an exception.

* What went wrong:
Execution failed for task ':app:compileFlutterBuildDebug'.
> Process 'command 'C:\Users\jakob\dev\flutter\bin\flutter.bat'' finished with non-zero exit value 1

* Try:
> Run with --stacktrace option to get the stack trace.
> Run with --info or --debug option to get more log output.
> Run with --scan to get full insights.
> Get more help at https://help.gradle.org.

BUILD FAILED in 3s
Error: Gradle task assembleDebug failed with exit code 1
